// Jest Snapshot v1, https://goo.gl/fbAQLP

exports[`<ListOfOrders /> render render orders for buy 1`] = `
<Fragment>
  <Row
    className="h5"
    key="0"
    tag="div"
  >
    <Col
      lg="5"
      tag="div"
      widths={
        Array [
          "xs",
          "sm",
          "md",
          "lg",
          "xl",
        ]
      }
    >
      $
      9900
    </Col>
    <Col
      lg="2"
      tag="div"
      widths={
        Array [
          "xs",
          "sm",
          "md",
          "lg",
          "xl",
        ]
      }
    >
      x
    </Col>
    <Col
      lg="5"
      tag="div"
      widths={
        Array [
          "xs",
          "sm",
          "md",
          "lg",
          "xl",
        ]
      }
    >
      30
    </Col>
  </Row>
  <Row
    className="h5"
    key="1"
    tag="div"
  >
    <Col
      lg="5"
      tag="div"
      widths={
        Array [
          "xs",
          "sm",
          "md",
          "lg",
          "xl",
        ]
      }
    >
      $
      400
    </Col>
    <Col
      lg="2"
      tag="div"
      widths={
        Array [
          "xs",
          "sm",
          "md",
          "lg",
          "xl",
        ]
      }
    >
      x
    </Col>
    <Col
      lg="5"
      tag="div"
      widths={
        Array [
          "xs",
          "sm",
          "md",
          "lg",
          "xl",
        ]
      }
    >
      30
    </Col>
  </Row>
  <Row
    className="h5"
    key="2"
    tag="div"
  >
    <Col
      lg="5"
      tag="div"
      widths={
        Array [
          "xs",
          "sm",
          "md",
          "lg",
          "xl",
        ]
      }
    >
      $
      300
    </Col>
    <Col
      lg="2"
      tag="div"
      widths={
        Array [
          "xs",
          "sm",
          "md",
          "lg",
          "xl",
        ]
      }
    >
      x
    </Col>
    <Col
      lg="5"
      tag="div"
      widths={
        Array [
          "xs",
          "sm",
          "md",
          "lg",
          "xl",
        ]
      }
    >
      30
    </Col>
  </Row>
  <Row
    className="h5"
    key="3"
    tag="div"
  >
    <Col
      lg="5"
      tag="div"
      widths={
        Array [
          "xs",
          "sm",
          "md",
          "lg",
          "xl",
        ]
      }
    >
      $
      200
    </Col>
    <Col
      lg="2"
      tag="div"
      widths={
        Array [
          "xs",
          "sm",
          "md",
          "lg",
          "xl",
        ]
      }
    >
      x
    </Col>
    <Col
      lg="5"
      tag="div"
      widths={
        Array [
          "xs",
          "sm",
          "md",
          "lg",
          "xl",
        ]
      }
    >
      30
    </Col>
  </Row>
  <Row
    className="h5"
    key="4"
    tag="div"
  >
    <Col
      lg="5"
      tag="div"
      widths={
        Array [
          "xs",
          "sm",
          "md",
          "lg",
          "xl",
        ]
      }
    >
      $
      4000
    </Col>
    <Col
      lg="2"
      tag="div"
      widths={
        Array [
          "xs",
          "sm",
          "md",
          "lg",
          "xl",
        ]
      }
    >
      x
    </Col>
    <Col
      lg="5"
      tag="div"
      widths={
        Array [
          "xs",
          "sm",
          "md",
          "lg",
          "xl",
        ]
      }
    >
      30
    </Col>
  </Row>
  <Row
    className="h5"
    key="5"
    tag="div"
  >
    <Col
      lg="5"
      tag="div"
      widths={
        Array [
          "xs",
          "sm",
          "md",
          "lg",
          "xl",
        ]
      }
    >
      $
      5200
    </Col>
    <Col
      lg="2"
      tag="div"
      widths={
        Array [
          "xs",
          "sm",
          "md",
          "lg",
          "xl",
        ]
      }
    >
      x
    </Col>
    <Col
      lg="5"
      tag="div"
      widths={
        Array [
          "xs",
          "sm",
          "md",
          "lg",
          "xl",
        ]
      }
    >
      40
    </Col>
  </Row>
  <Row
    className="h5"
    key="6"
    tag="div"
  >
    <Col
      lg="5"
      tag="div"
      widths={
        Array [
          "xs",
          "sm",
          "md",
          "lg",
          "xl",
        ]
      }
    >
      $
      5700
    </Col>
    <Col
      lg="2"
      tag="div"
      widths={
        Array [
          "xs",
          "sm",
          "md",
          "lg",
          "xl",
        ]
      }
    >
      x
    </Col>
    <Col
      lg="5"
      tag="div"
      widths={
        Array [
          "xs",
          "sm",
          "md",
          "lg",
          "xl",
        ]
      }
    >
      300
    </Col>
  </Row>
  <Row
    className="h5"
    key="7"
    tag="div"
  >
    <Col
      lg="5"
      tag="div"
      widths={
        Array [
          "xs",
          "sm",
          "md",
          "lg",
          "xl",
        ]
      }
    >
      $
      6000
    </Col>
    <Col
      lg="2"
      tag="div"
      widths={
        Array [
          "xs",
          "sm",
          "md",
          "lg",
          "xl",
        ]
      }
    >
      x
    </Col>
    <Col
      lg="5"
      tag="div"
      widths={
        Array [
          "xs",
          "sm",
          "md",
          "lg",
          "xl",
        ]
      }
    >
      100
    </Col>
  </Row>
  <Row
    className="h5"
    key="8"
    tag="div"
  >
    <Col
      lg="5"
      tag="div"
      widths={
        Array [
          "xs",
          "sm",
          "md",
          "lg",
          "xl",
        ]
      }
    >
      $
      7000
    </Col>
    <Col
      lg="2"
      tag="div"
      widths={
        Array [
          "xs",
          "sm",
          "md",
          "lg",
          "xl",
        ]
      }
    >
      x
    </Col>
    <Col
      lg="5"
      tag="div"
      widths={
        Array [
          "xs",
          "sm",
          "md",
          "lg",
          "xl",
        ]
      }
    >
      200
    </Col>
  </Row>
  <Row
    className="h5"
    key="9"
    tag="div"
  >
    <Col
      lg="5"
      tag="div"
      widths={
        Array [
          "xs",
          "sm",
          "md",
          "lg",
          "xl",
        ]
      }
    >
      $
      8000
    </Col>
    <Col
      lg="2"
      tag="div"
      widths={
        Array [
          "xs",
          "sm",
          "md",
          "lg",
          "xl",
        ]
      }
    >
      x
    </Col>
    <Col
      lg="5"
      tag="div"
      widths={
        Array [
          "xs",
          "sm",
          "md",
          "lg",
          "xl",
        ]
      }
    >
      300
    </Col>
  </Row>
  <Row
    className="h5"
    key="10"
    tag="div"
  >
    <Col
      lg="5"
      tag="div"
      widths={
        Array [
          "xs",
          "sm",
          "md",
          "lg",
          "xl",
        ]
      }
    >
      $
      8700
    </Col>
    <Col
      lg="2"
      tag="div"
      widths={
        Array [
          "xs",
          "sm",
          "md",
          "lg",
          "xl",
        ]
      }
    >
      x
    </Col>
    <Col
      lg="5"
      tag="div"
      widths={
        Array [
          "xs",
          "sm",
          "md",
          "lg",
          "xl",
        ]
      }
    >
      310
    </Col>
  </Row>
  <Row
    className="h5"
    key="11"
    tag="div"
  >
    <Col
      lg="5"
      tag="div"
      widths={
        Array [
          "xs",
          "sm",
          "md",
          "lg",
          "xl",
        ]
      }
    >
      $
      9900
    </Col>
    <Col
      lg="2"
      tag="div"
      widths={
        Array [
          "xs",
          "sm",
          "md",
          "lg",
          "xl",
        ]
      }
    >
      x
    </Col>
    <Col
      lg="5"
      tag="div"
      widths={
        Array [
          "xs",
          "sm",
          "md",
          "lg",
          "xl",
        ]
      }
    >
      100
    </Col>
  </Row>
  <Row
    className="h5"
    key="12"
    tag="div"
  >
    <Col
      lg="5"
      tag="div"
      widths={
        Array [
          "xs",
          "sm",
          "md",
          "lg",
          "xl",
        ]
      }
    >
      $
      9000
    </Col>
    <Col
      lg="2"
      tag="div"
      widths={
        Array [
          "xs",
          "sm",
          "md",
          "lg",
          "xl",
        ]
      }
    >
      x
    </Col>
    <Col
      lg="5"
      tag="div"
      widths={
        Array [
          "xs",
          "sm",
          "md",
          "lg",
          "xl",
        ]
      }
    >
      350
    </Col>
  </Row>
  <Row
    className="h5"
    key="13"
    tag="div"
  >
    <Col
      lg="5"
      tag="div"
      widths={
        Array [
          "xs",
          "sm",
          "md",
          "lg",
          "xl",
        ]
      }
    >
      $
      10000
    </Col>
    <Col
      lg="2"
      tag="div"
      widths={
        Array [
          "xs",
          "sm",
          "md",
          "lg",
          "xl",
        ]
      }
    >
      x
    </Col>
    <Col
      lg="5"
      tag="div"
      widths={
        Array [
          "xs",
          "sm",
          "md",
          "lg",
          "xl",
        ]
      }
    >
      420
    </Col>
  </Row>
  <Row
    className="h5"
    key="14"
    tag="div"
  >
    <Col
      lg="5"
      tag="div"
      widths={
        Array [
          "xs",
          "sm",
          "md",
          "lg",
          "xl",
        ]
      }
    >
      $
      11500
    </Col>
    <Col
      lg="2"
      tag="div"
      widths={
        Array [
          "xs",
          "sm",
          "md",
          "lg",
          "xl",
        ]
      }
    >
      x
    </Col>
    <Col
      lg="5"
      tag="div"
      widths={
        Array [
          "xs",
          "sm",
          "md",
          "lg",
          "xl",
        ]
      }
    >
      440
    </Col>
  </Row>
</Fragment>
`;

exports[`<ListOfOrders /> render render orders for sell 1`] = `
<Fragment>
  <Row
    className="h5"
    key="0"
    tag="div"
  >
    <Col
      lg="5"
      tag="div"
      widths={
        Array [
          "xs",
          "sm",
          "md",
          "lg",
          "xl",
        ]
      }
    >
      $
      7000
    </Col>
    <Col
      lg="2"
      tag="div"
      widths={
        Array [
          "xs",
          "sm",
          "md",
          "lg",
          "xl",
        ]
      }
    >
      x
    </Col>
    <Col
      lg="5"
      tag="div"
      widths={
        Array [
          "xs",
          "sm",
          "md",
          "lg",
          "xl",
        ]
      }
    >
      40
    </Col>
  </Row>
  <Row
    className="h5"
    key="1"
    tag="div"
  >
    <Col
      lg="5"
      tag="div"
      widths={
        Array [
          "xs",
          "sm",
          "md",
          "lg",
          "xl",
        ]
      }
    >
      $
      8000
    </Col>
    <Col
      lg="2"
      tag="div"
      widths={
        Array [
          "xs",
          "sm",
          "md",
          "lg",
          "xl",
        ]
      }
    >
      x
    </Col>
    <Col
      lg="5"
      tag="div"
      widths={
        Array [
          "xs",
          "sm",
          "md",
          "lg",
          "xl",
        ]
      }
    >
      100
    </Col>
  </Row>
  <Row
    className="h5"
    key="2"
    tag="div"
  >
    <Col
      lg="5"
      tag="div"
      widths={
        Array [
          "xs",
          "sm",
          "md",
          "lg",
          "xl",
        ]
      }
    >
      $
      5000
    </Col>
    <Col
      lg="2"
      tag="div"
      widths={
        Array [
          "xs",
          "sm",
          "md",
          "lg",
          "xl",
        ]
      }
    >
      x
    </Col>
    <Col
      lg="5"
      tag="div"
      widths={
        Array [
          "xs",
          "sm",
          "md",
          "lg",
          "xl",
        ]
      }
    >
      100
    </Col>
  </Row>
  <Row
    className="h5"
    key="3"
    tag="div"
  >
    <Col
      lg="5"
      tag="div"
      widths={
        Array [
          "xs",
          "sm",
          "md",
          "lg",
          "xl",
        ]
      }
    >
      $
      11000
    </Col>
    <Col
      lg="2"
      tag="div"
      widths={
        Array [
          "xs",
          "sm",
          "md",
          "lg",
          "xl",
        ]
      }
    >
      x
    </Col>
    <Col
      lg="5"
      tag="div"
      widths={
        Array [
          "xs",
          "sm",
          "md",
          "lg",
          "xl",
        ]
      }
    >
      400
    </Col>
  </Row>
  <Row
    className="h5"
    key="4"
    tag="div"
  >
    <Col
      lg="5"
      tag="div"
      widths={
        Array [
          "xs",
          "sm",
          "md",
          "lg",
          "xl",
        ]
      }
    >
      $
      22000
    </Col>
    <Col
      lg="2"
      tag="div"
      widths={
        Array [
          "xs",
          "sm",
          "md",
          "lg",
          "xl",
        ]
      }
    >
      x
    </Col>
    <Col
      lg="5"
      tag="div"
      widths={
        Array [
          "xs",
          "sm",
          "md",
          "lg",
          "xl",
        ]
      }
    >
      602
    </Col>
  </Row>
  <Row
    className="h5"
    key="5"
    tag="div"
  >
    <Col
      lg="5"
      tag="div"
      widths={
        Array [
          "xs",
          "sm",
          "md",
          "lg",
          "xl",
        ]
      }
    >
      $
      8000
    </Col>
    <Col
      lg="2"
      tag="div"
      widths={
        Array [
          "xs",
          "sm",
          "md",
          "lg",
          "xl",
        ]
      }
    >
      x
    </Col>
    <Col
      lg="5"
      tag="div"
      widths={
        Array [
          "xs",
          "sm",
          "md",
          "lg",
          "xl",
        ]
      }
    >
      100
    </Col>
  </Row>
  <Row
    className="h5"
    key="6"
    tag="div"
  >
    <Col
      lg="5"
      tag="div"
      widths={
        Array [
          "xs",
          "sm",
          "md",
          "lg",
          "xl",
        ]
      }
    >
      $
      9900
    </Col>
    <Col
      lg="2"
      tag="div"
      widths={
        Array [
          "xs",
          "sm",
          "md",
          "lg",
          "xl",
        ]
      }
    >
      x
    </Col>
    <Col
      lg="5"
      tag="div"
      widths={
        Array [
          "xs",
          "sm",
          "md",
          "lg",
          "xl",
        ]
      }
    >
      590
    </Col>
  </Row>
  <Row
    className="h5"
    key="7"
    tag="div"
  >
    <Col
      lg="5"
      tag="div"
      widths={
        Array [
          "xs",
          "sm",
          "md",
          "lg",
          "xl",
        ]
      }
    >
      $
      10000
    </Col>
    <Col
      lg="2"
      tag="div"
      widths={
        Array [
          "xs",
          "sm",
          "md",
          "lg",
          "xl",
        ]
      }
    >
      x
    </Col>
    <Col
      lg="5"
      tag="div"
      widths={
        Array [
          "xs",
          "sm",
          "md",
          "lg",
          "xl",
        ]
      }
    >
      600
    </Col>
  </Row>
  <Row
    className="h5"
    key="8"
    tag="div"
  >
    <Col
      lg="5"
      tag="div"
      widths={
        Array [
          "xs",
          "sm",
          "md",
          "lg",
          "xl",
        ]
      }
    >
      $
      9900
    </Col>
    <Col
      lg="2"
      tag="div"
      widths={
        Array [
          "xs",
          "sm",
          "md",
          "lg",
          "xl",
        ]
      }
    >
      x
    </Col>
    <Col
      lg="5"
      tag="div"
      widths={
        Array [
          "xs",
          "sm",
          "md",
          "lg",
          "xl",
        ]
      }
    >
      400
    </Col>
  </Row>
  <Row
    className="h5"
    key="9"
    tag="div"
  >
    <Col
      lg="5"
      tag="div"
      widths={
        Array [
          "xs",
          "sm",
          "md",
          "lg",
          "xl",
        ]
      }
    >
      $
      11400
    </Col>
    <Col
      lg="2"
      tag="div"
      widths={
        Array [
          "xs",
          "sm",
          "md",
          "lg",
          "xl",
        ]
      }
    >
      x
    </Col>
    <Col
      lg="5"
      tag="div"
      widths={
        Array [
          "xs",
          "sm",
          "md",
          "lg",
          "xl",
        ]
      }
    >
      630
    </Col>
  </Row>
  <Row
    className="h5"
    key="10"
    tag="div"
  >
    <Col
      lg="5"
      tag="div"
      widths={
        Array [
          "xs",
          "sm",
          "md",
          "lg",
          "xl",
        ]
      }
    >
      $
      12000
    </Col>
    <Col
      lg="2"
      tag="div"
      widths={
        Array [
          "xs",
          "sm",
          "md",
          "lg",
          "xl",
        ]
      }
    >
      x
    </Col>
    <Col
      lg="5"
      tag="div"
      widths={
        Array [
          "xs",
          "sm",
          "md",
          "lg",
          "xl",
        ]
      }
    >
      670
    </Col>
  </Row>
  <Row
    className="h5"
    key="11"
    tag="div"
  >
    <Col
      lg="5"
      tag="div"
      widths={
        Array [
          "xs",
          "sm",
          "md",
          "lg",
          "xl",
        ]
      }
    >
      $
      10000
    </Col>
    <Col
      lg="2"
      tag="div"
      widths={
        Array [
          "xs",
          "sm",
          "md",
          "lg",
          "xl",
        ]
      }
    >
      x
    </Col>
    <Col
      lg="5"
      tag="div"
      widths={
        Array [
          "xs",
          "sm",
          "md",
          "lg",
          "xl",
        ]
      }
    >
      630
    </Col>
  </Row>
  <Row
    className="h5"
    key="12"
    tag="div"
  >
    <Col
      lg="5"
      tag="div"
      widths={
        Array [
          "xs",
          "sm",
          "md",
          "lg",
          "xl",
        ]
      }
    >
      $
      50000
    </Col>
    <Col
      lg="2"
      tag="div"
      widths={
        Array [
          "xs",
          "sm",
          "md",
          "lg",
          "xl",
        ]
      }
    >
      x
    </Col>
    <Col
      lg="5"
      tag="div"
      widths={
        Array [
          "xs",
          "sm",
          "md",
          "lg",
          "xl",
        ]
      }
    >
      670
    </Col>
  </Row>
  <Row
    className="h5"
    key="13"
    tag="div"
  >
    <Col
      lg="5"
      tag="div"
      widths={
        Array [
          "xs",
          "sm",
          "md",
          "lg",
          "xl",
        ]
      }
    >
      $
      22400
    </Col>
    <Col
      lg="2"
      tag="div"
      widths={
        Array [
          "xs",
          "sm",
          "md",
          "lg",
          "xl",
        ]
      }
    >
      x
    </Col>
    <Col
      lg="5"
      tag="div"
      widths={
        Array [
          "xs",
          "sm",
          "md",
          "lg",
          "xl",
        ]
      }
    >
      550
    </Col>
  </Row>
  <Row
    className="h5"
    key="14"
    tag="div"
  >
    <Col
      lg="5"
      tag="div"
      widths={
        Array [
          "xs",
          "sm",
          "md",
          "lg",
          "xl",
        ]
      }
    >
      $
      23500
    </Col>
    <Col
      lg="2"
      tag="div"
      widths={
        Array [
          "xs",
          "sm",
          "md",
          "lg",
          "xl",
        ]
      }
    >
      x
    </Col>
    <Col
      lg="5"
      tag="div"
      widths={
        Array [
          "xs",
          "sm",
          "md",
          "lg",
          "xl",
        ]
      }
    >
      700
    </Col>
  </Row>
</Fragment>
`;
